To honour the JVM settings for this build a single-use Daemon process will be forked. For more on this, please refer to https://docs.gradle.org/8.13/userguide/gradle_daemon.html#sec:disabling_the_daemon in the Gradle documentation.
Daemon will be stopped at the end of the build 
> Task :app:checkKotlinGradlePluginConfigurationErrors SKIPPED
> Task :app:preBuild UP-TO-DATE
> Task :app:preReleaseBuild UP-TO-DATE
> Task :app:checkReleaseAarMetadata UP-TO-DATE
> Task :app:processReleaseNavigationResources UP-TO-DATE
> Task :app:compileReleaseNavigationResources UP-TO-DATE
> Task :app:generateReleaseResValues UP-TO-DATE
> Task :app:mapReleaseSourceSetPaths UP-TO-DATE
> Task :app:generateReleaseResources UP-TO-DATE
> Task :app:mergeReleaseResources UP-TO-DATE
> Task :app:packageReleaseResources UP-TO-DATE
> Task :app:parseReleaseLocalResources UP-TO-DATE
> Task :app:createReleaseCompatibleScreenManifests UP-TO-DATE
> Task :app:extractDeepLinksRelease UP-TO-DATE
> Task :app:processReleaseMainManifest UP-TO-DATE
> Task :app:processReleaseManifest UP-TO-DATE
> Task :app:processReleaseManifestForPackage UP-TO-DATE
> Task :app:processReleaseResources UP-TO-DATE
> Task :app:compileReleaseKotlin
w: file:///G:/DEVS/Android%20projects/FileManagerApp/app/src/main/java/com/mfp/filemanager/data/FileRepository.kt:581:24 'fun checkOpNoThrow(p0: String, p1: Int, p2: String): Int' is deprecated. Deprecated in Java.
w: file:///G:/DEVS/Android%20projects/FileManagerApp/app/src/main/java/com/mfp/filemanager/data/FileRepository.kt:903:24 'fun checkOpNoThrow(p0: String, p1: Int, p2: String): Int' is deprecated. Deprecated in Java.
w: file:///G:/DEVS/Android%20projects/FileManagerApp/app/src/main/java/com/mfp/filemanager/ui/screens/FileBrowserScreen.kt:811:36 'val Icons.Filled.DriveFileMove: ImageVector' is deprecated. Use the AutoMirrored version at Icons.AutoMirrored.Filled.DriveFileMove.
w: file:///G:/DEVS/Android%20projects/FileManagerApp/app/src/main/java/com/mfp/filemanager/ui/search/SearchOverlay.kt:108:21 'fun SearchBar(query: String, onQueryChange: (String) -> Unit, onSearch: (String) -> Unit, active: Boolean, onActiveChange: (Boolean) -> Unit, modifier: Modifier = ..., enabled: Boolean = ..., placeholder: @Composable() ComposableFunction0<Unit>? = ..., leadingIcon: @Composable() ComposableFunction0<Unit>? = ..., trailingIcon: @Composable() ComposableFunction0<Unit>? = ..., shape: Shape = ..., colors: SearchBarColors = ..., tonalElevation: Dp = ..., shadowElevation: Dp = ..., windowInsets: WindowInsets = ..., interactionSource: MutableInteractionSource? = ..., content: @Composable() ComposableFunction1<ColumnScope, Unit>): Unit' is deprecated. Use overload which takes inputField as a parameter.
w: file:///G:/DEVS/Android%20projects/FileManagerApp/app/src/main/java/com/mfp/filemanager/ui/search/SearchOverlay.kt:120:52 'val Icons.Filled.ArrowBack: ImageVector' is deprecated. Use the AutoMirrored version at Icons.AutoMirrored.Filled.ArrowBack.
w: file:///G:/DEVS/Android%20projects/FileManagerApp/app/src/main/java/com/mfp/filemanager/ui/components/InlineFileMenu.kt:66:38 'val Icons.Filled.DriveFileMove: ImageVector' is deprecated. Use the AutoMirrored version at Icons.AutoMirrored.Filled.DriveFileMove.
w: file:///G:/DEVS/Android%20projects/FileManagerApp/app/src/main/java/com/mfp/filemanager/ui/components/InlineFileMenu.kt:89:42 'val Icons.Filled.DriveFileMove: ImageVector' is deprecated. Use the AutoMirrored version at Icons.AutoMirrored.Filled.DriveFileMove.

BUILD SUCCESSFUL in 1m 38s
16 actionable tasks: 1 executed, 15 up-to-date
